// Jest Snapshot v1, https://goo.gl/fbAQLP

exports[`ActiveMark renders correctly 1`] = `<div />`;
