// Jest Snapshot v1, https://goo.gl/fbAQLP

exports[`ActiveMark renders correctly 1`] = `
<button
  className="ant-btn ant-btn-primary"
  onClick={[Function]}
  type="button"
>
  <span>
    Button
  </span>
</button>
`;
